# 2022 CUMCM C 题建模报告（预注册运行 B-cumcm-2022-c-001）

## 1. 问题 framing

题目研究中国古代玻璃制品的成分分析与类别鉴别。已知类别为：

- 高钾玻璃；
- 铅钡玻璃。

观测变量是主要化学成分的比例。题目明确指出这是成分数据：各成分具有总和约束，且埋藏风化会改变成分比例，可能造成类别误判。

本报告仅依据 pinned summary 中的题目摘录；摘要没有列出官方“问题一、二、三”的完整文字，因此以下工作包是可审计的建模映射，不能替代官方子问题编号。

- WP1：审计有效成分记录并建立成分数据表示。
- WP2：利用已标注样品区分高钾玻璃和铅钡玻璃。
- WP3：在存在风化标记或相关检测字段时，评估风化对分类的影响并给出不确定性。

## 2. 数据审计

可确认的信息：

- `case_id`: `cumcm-2022-c`
- 竞赛：CUMCM，2022 年
- 题名：古代玻璃制品的成分分析与鉴别
- 数据文件：`CUMCM_2022_C_附件.xlsx`
- PDF 页数：2；摘录字符数：1498
- `problem_sha256`: `61db63cc8d1a6b7ec75bae484bea971e66f6c1687338e4a66e5e78bbeb8772f7`
- `data_sha256`: `14849c7ed9d34b8c1b3709b138061492605b8c794249a0ab8bb0d4efc4b2f7e2`
- 摘要标注的预期方法：`compositional_data`、`classification`、`uncertainty_analysis`
- 常见失败：忽略成分约束、数据泄漏、缺乏支持的分类。

当前未知且必须从表单读取后确认的内容：样本数、具体成分列、类别比例、风化字段、重复测量关系、检测下限和缺失模式。空白被描述为“未检测到”，不能直接等同于随机缺失。

有效记录规则：

\[
v_i=\mathbf 1\left(85\leq\sum_{j=1}^{D}x_{ij}\leq105\right).
\]

应报告有效/无效数量、每列缺失或零值比例、总和分布、异常负值和单位一致性；这些统计目前均为待执行。

## 3. 建模假设

1. 比例均以同一尺度记录，且非负。
2. 总和偏离 100% 主要来自检测误差，而非任意缩放；有效记录按题目给定区间保留。
3. “未检测到”代表零值或低于检测限，需采用零替换并做敏感性分析。
4. 类别标签视为训练标签；若存在同一文物多次检测，交叉验证必须按文物分组。
5. 风化不是独立类别，除非附件明确提供风化标签；其作用先作为协变量或分层因素处理。

## 4. 候选模型与 baseline

### WP1：成分表示

- Baseline：对有效记录直接闭合到 100%，仅用于描述统计，不用于最终推断。
- 主模型族：零替换后进行等距对数比（ilr）变换。相对几何均值 \(g_i\) 定义为  
  \[
  z_i=V^\top\log(c_i/g_i),
  \]
  其中 \(V\) 为正交对比基，\(c_i\) 为闭合后的成分向量。

### WP2：类别鉴别

- Baseline：训练集多数类预测，作为不可超越的下限。
- 模型 A：ilr 空间中的正则化二分类 logistic：
  \[
  p_i=\sigma(\beta_0+\beta^\top z_i),
  \]
  通过交叉验证选择惩罚强度。
- 模型 B：类条件 Dirichlet 模型：
  \[
  c_i\mid y_i=k\sim\operatorname{Dirichlet}(\alpha_k),
  \]
  以最大似然或带正则化的估计进行后验分类。

两者均尊重总和约束；不同时把原始比例和闭合比例混入同一模型。

### WP3：风化与不确定性

若存在风化标记，可比较未风化、部分风化和表面风化子集的分类性能；若无明确标签，则只能进行扰动敏感性分析，不能声称识别了风化机制。

## 5. 数学与统计 specification

零替换采用乘法替换，替换比例 \(\delta\) 不预先固定，候选网格由检测下限或数据分位数确定。对每一条记录保存原始总和、闭合因子、零替换参数和有效性标志。

分类输出包括类别概率、预测类别及置信度。参数不确定性使用分层 bootstrap；小样本时优先报告 bootstrap 区间而非渐近标准误。若需要单样本错误率控制，可增加 split-conformal 预测集。

## 6. 可执行实验计划（尚未运行）

1. 读取 Excel，识别标签列、成分列和风化字段；记录字段字典。
2. 按 85%–105% 规则筛选，并输出数据审计表。
3. 对成分列执行非负性检查、零替换和闭合；保存处理日志。
4. 以文物 ID（若有）分组，进行分层嵌套交叉验证。
5. 依次拟合多数类 baseline、ilr-logistic 和 Dirichlet 分类器。
6. 输出 balanced accuracy、macro-F1、log loss、Brier score、ROC-AUC（类别允许时）、混淆矩阵和校准曲线。
7. 对有效性阈值、零替换 \(\delta\)、成分删列、风化分层进行敏感性扫描。
8. 用预先登记的随机种子重复 bootstrap 和交叉验证，并冻结配置后再报告结果。

所有步骤均为 pending；当前没有实际运行结果、性能分数或图表。

## 7. 验证、稳健性与 falsification

验证重点：

- 与多数类 baseline 比较；
- 嵌套交叉验证中禁止用全数据选择特征、阈值或零替换参数；
- 检查概率校准，而不仅是准确率；
- 报告类别不平衡下的宏平均指标。

稳健性分析：

- 题目阈值边界采用闭区间，并测试邻近阈值；
- 比较不同零替换策略；
- 比较 ilr 对比基；
- 分别评估未风化和风化样本；
- 检查去除极端总和记录后的结果变化。

反证性测试：

- 随机置换类别标签，模型性能应降至接近基线；
- 在成分闭合后随机扰动并保持总和不变，观察预测稳定性；
- 留出整件文物而非单行记录，检验重复测量泄漏；
- 对类别后验概率进行校准检验，识别“高置信度但错误”的样本。

## 8. Reviewer risks

- 摘要未提供官方分问文字，任何具体“第几问”结论均待核对。
- 直接对原始比例做普通回归会违反成分约束。
- 将空白值当作普通缺失或真实零值都可能产生偏差。
- 未按文物分组的随机划分会导致数据泄漏。
- 若没有风化标签，不能把风化状态当作已观测事实。
- 未执行计算前不得声称某一类别判别更优，也不得给出具体准确率或排名。
- 竞赛当届论文格式和官方评价口径未在摘要中给出，待核验。

## 9. Reproducibility manifest

- Run ID：`B-cumcm-2022-c-001`
- Input summary：`benchmarks/case-summaries.json`
- Case ID：`cumcm-2022-c`
- 输入文件及 SHA-256：见数据审计部分
- 二进制附件：未打开、未解析
- 随机种子：待登记
- 依赖版本：待登记
- 模型参数、零替换网格、交叉验证折数：待登记
- 唯一复现命令：待实现并运行
- 当前状态：建模方案已形成；实验、验证、分数和图表均为 pending。
