# 建模报告：ICM 2023 E《Light Pollution》

## 1. 问题 framing

案例研究人工光过度或不当使用造成的光污染，包括天空辉光、光侵扰、过度照明和光杂乱。摘要指出其可能影响夜空观测、植物成熟、野生动物迁徙、昼夜节律、睡眠及健康安全。

由于基准摘要在“人工光造成的眩光可能……”处截断，且明确无数据附件，具体竞赛问句、空间范围、时间范围和目标变量均待核验。本报告因此提出可执行的分析合同，而不声称已回答未提供的子问题：

1. 构建可解释、带不确定性的光污染空间强度指标；
2. 估计光污染与生态/健康结果的关联，同时控制空间混杂；
3. 比较照明治理情景及其对污染暴露的影响。

## 2. 数据审计

- `case_id`: `icm-2023-e`；竞赛：ICM，2023；题名：Light Pollution。
- 问题来源状态：verified；摘要页数：2；提取字符数：4724。
- 问题 SHA-256：`058ac24bc2d9948fad429ce8bb711c68d244cb31119bd4f9f470b44070a1a7da`。
- 数据 SHA-256：`e3b0c44298fc1c149afbf4c8996fb92427ae41e4649b934ca495991b7852b855`。
- `data_files`、数据审计和 ZIP 清单均为空；因此没有可核验的观测字段、样本量、缺失率、坐标系、时间戳、测量误差或结果变量。
- 任何数值估计、图表、模型分数和因果结论均为未执行（pending）。

## 3. 假设

1. 光污染观测可定位到统一空间网格，并具有观测误差或检测下限。
2. 暴露应按夜间时段、季节和空间尺度汇总，避免把瞬时亮度等同于长期暴露。
3. 生态或健康结果存在区域/时间混杂（人口、云量、土地利用、季节、经济活动等），需显式调整。
4. 若只有横截面数据，只解释条件关联，不宣称因果效应。
5. 干预情景参数（遮光比例、色温替换、熄灯时段）必须来自题目或外部可追溯资料；当前均待提供。

## 4. 候选模型

**模型 A：空间层级模型（主模型）**

适用于估计污染强度及其空间不确定性。可用对数变换后的亮度/辐亮度作为响应，并加入协变量、区域随机效应和空间随机场。

**模型 B：统计关联模型（结果模型）**

对连续结果使用 Gaussian/GAM，对计数结果使用 Poisson 或负二项 GLMM，对二元结果使用 logistic GLMM；加入污染暴露、时间项、已知混杂变量及区域随机效应。若存在重复测量，加入个体或地点随机截距。

两类模型分别对应空间分析与统计建模；情景分析使用模型 A 的预测结果，不另设独立经验模型。

## 5. 基线

- 空间基线：按网格计算观测污染值的均值或中位数，采用普通线性回归解释结果，不含空间项。
- 关联基线：`g(E[Y_it]) = α + θL_it`，仅加入预先指定的时间固定效应。
- 该基线用于检验空间结构、非线性和混杂调整是否带来可重复改进；尚无性能结果。

## 6. 数学 specification

设地点 \(i\)、时间 \(t\) 的污染强度为 \(L_{it}>0\)，协变量向量为 \(X_{it}\)，结果为 \(Y_{it}\)。

空间层级模型：

\[
\log L_{it}=\beta_0+X_{it}^{\top}\beta+s_i+\tau_t+\epsilon_{it},
\]

其中 \(s_i\) 为空间随机效应（CAR/GP），\(\tau_t\) 为时间效应，\(\epsilon_{it}\sim N(0,\sigma^2)\)。

结果模型：

\[
g\{\mathbb E(Y_{it})\}
=\alpha+\theta \log L_{it}+Z_{it}^{\top}\gamma+b_i+c_t,
\]

其中 \(Z_{it}\) 为混杂变量，\(b_i,c_t\) 为地点和时间随机效应。报告 \(\theta\) 的置信区间或后验区间，不仅报告点估计。

治理情景 \(k\) 下：

\[
L^{(k)}_{it}=L_{it}(1-r^{(k)}_{it}),
\]

其中 \(r^{(k)}_{it}\in[0,1]\) 为题目支持的减排比例；通过结果模型计算 \(\Delta Y^{(k)}\) 及其不确定区间。

## 7. 可执行实验计划

1. 待数据提供后，读取全部表格，核验字段、单位、重复记录、缺失和坐标系。
2. 将观测投影到统一网格；按夜间窗口和季节生成暴露指标，并保留原始测量误差。
3. 预注册清洗规则、异常值阈值和缺失处理；禁止按结果变量筛选样本。
4. 拟合基线、模型 A、模型 B；采用空间分块交叉验证和时间滚动验证。
5. 运行预先定义的治理情景，输出空间图、效应区间和情景排序。
6. 保存代码、环境版本、输入哈希、参数和唯一复现命令。

全部步骤当前为 pending。

## 8. 验证与稳健性

验证指标包括 RMSE/MAE（连续结果）、对数损失或 Brier 分数（二元结果）、校准曲线、残差空间 Moran’s I，以及空间留一区域验证。稳健性分析改变空间尺度、空间相关范围、先验/正则化强度、非线性形式、缺失机制和抽样权重；报告效应方向、区间覆盖和情景排序是否稳定。

## 9. Falsification

实施地点标签置换、时间标签置换、负对照结果、留一区域外推和伪干预日期测试。若污染效应在置换后仍显著、或对未应受影响的负对照同样强，则视为模型或混杂证据不足。

## 10. Reviewer risks

主要风险是摘要不完整导致目标误读、样本选择偏差、空间自相关未处理、相关性被误写为因果性、尺度错配、遥感亮度与人体/生态暴露不等价，以及治理参数缺乏依据。应在正式研究中逐项披露，并将未核验部分标记为限制。

## 11. Reproducibility manifest

- 输入：仅限上述 JSON 的 `icm-2023-e` 条目。
- 输入哈希：问题 `058ac24b…a1a7da`；数据 `e3b0c442…2b855`。
- 随机种子、依赖版本、运行时、代码路径、输出文件和唯一命令：pending（尚未执行）。
- 禁止读取或解析 PDF、XLSX、ZIP，也未检查案例目录。
