# 建模报告：ICM 2023 D（运行 A-icm-2023-d-002）

## 1. 问题 framing

题目讨论联合国 17 项可持续发展目标（SDGs）的优先级制定。核心难点是：目标之间存在促进、抑制或双重影响；资金有限，且技术进步、疫情、气候变化、战争和难民流动会改变目标的重要性。

当前可确认的任务是构建可解释的多目标优先排序框架。摘要在“Requirement To explore”处截断，具体子问题、评价对象（国家、地区或全球）及时间范围未提供，因此涉及这些内容的结论均标记为待确认。

## 2. 数据审计

- `data_files`: 空；摘要未提供指标数据、国家样本、年份、缺失率或观测量。
- 已知输入规模：目标数为 17。
- `problem_sha256`: `a4d6400ec7c6d45da73c248ca5892a97d52cdef7f71e45f4134264920bdf0de7`
- `data_sha256`: `e3b0c44298fc1c149afbf4c8996fb92427ae41e4649b934ca495991b7852b855`
- 尚不能审计指标定义、正负方向、量纲、缺失机制、跨国可比性或互动关系来源。
- 后续数据字典至少应包含：实体 \(i\)、年份 \(t\)、目标 \(g\)、指标值、单位、方向、缺失标记及来源。

## 3. 假设

1. 每个 SDG 可由一组标准化指标表示；指标方向可明确区分“越大越好”和“越小越好”。
2. 目标间影响可用有向矩阵表示，但关系强度存在不确定性。
3. 优先级是决策排序，不等同于因果效果或道德价值判断。
4. 权重必须由透明规则、数据驱动方法或专家 elicitation 产生，并进行敏感性分析。
5. 若题目要求国家比较，比较应在相同指标口径和时间截面下进行。

## 4. 候选模型

**模型 A：网络调整的多指标决策模型（主模型）**  
先对指标做方向统一和稳健归一化，再聚合为目标表现 \(u_{ig}\)。利用 SDG 互动矩阵 \(A\) 修正直接表现，得到含溢出效应的分数并排序。适合解释“改善一个目标如何影响其他目标”。

**模型 B：稳健 outranking 模型（独立复核）**  
使用 PROMETHEE/ELECTRE 类成对比较，允许阈值、不可比性和区间权重，避免单一总分掩盖冲突。适合检验排序是否依赖补偿性假设。

每个明确子问题最多保留上述两个模型；具体子问题待完整题面确认。

## 5. 基线

等权、无互动的加性模型：

\[
S_i^{(0)}=\frac1{17}\sum_{g=1}^{17}u_{ig}.
\]

它提供可复核参照，但不能处理目标联动、量纲不一致或权重不确定性。

## 6. 数学规格

对指标 \(k\)：

\[
z_{ikt}=
\begin{cases}
(x_{ikt}-L_k)/(U_k-L_k),&\text{收益型}\\
(U_k-x_{ikt})/(U_k-L_k),&\text{成本型}
\end{cases}
\]

其中 \(L_k,U_k\) 应由训练期分位数或官方边界确定。目标表现：

\[
u_{igt}=\sum_{k\in g}v_{gk}z_{ikt},\qquad
v_{gk}\ge0,\ \sum_kv_{gk}=1.
\]

目标权重 \(w_g\ge0,\sum_gw_g=1\)。令 \(q_{igt}=w_gu_{igt}\)，互动矩阵 \(A\) 行归一化，谱半径满足 \(\rho(A)<1\)。网络调整分数：

\[
s_i(\alpha)=\mathbf1^\top\!\left[(1-\alpha)I+\alpha(I-\alpha A^\top)^{-1}\right]q_i,
\quad 0\le\alpha<1/\rho(A).
\]

若需要资源分配，可进一步求：

\[
\max_{r_g\ge0}\; \sum_g w_g\,\Delta_g(r_g)
+\lambda\sum_{h,g}A_{hg}\Delta_g(r_g),
\quad \sum_gr_g\le B,
\]

其中 \(\Delta_g\) 的函数形式和预算 \(B\) 必须由完整题面或数据确定。

## 7. 可执行实验计划（未执行）

1. 获取并冻结官方 SDG 指标、互动矩阵及实体—年份范围。
2. 建立数据字典，处理缺失、异常值、方向和单位。
3. 计算基线 \(S^{(0)}\)，再计算模型 A、模型 B。
4. 用固定随机种子进行权重、互动强度和归一化方案扫描。
5. 输出每个实体的目标分数、总体排名、排名区间和模型间差异。
6. 若有时间序列，按时间滚动验证；若有国家标签，进行跨实体留出验证。
7. 生成可复现表格和排名稳定性图。当前无代码执行结果，所有数值结论待运行。

## 8. 验证与鲁棒性

- **内部验证**：权重和、矩阵维度、归一化边界、单调性及预算约束。
- **外部验证**：与官方报告或专家排序的秩相关（数据可得后）。
- **敏感性**：Dirichlet 权重抽样、\(\alpha\) 扫描、互动矩阵逐边扰动、替换归一化方法。
- **稳健性指标**：前 \(k\) 名出现频率、平均秩、Kendall/Spearman 距离、最坏情形排名。
- **待证伪测试**：置换互动矩阵、令 \(A=0\)、随机化权重、删去单一目标、反转指标方向；若排序几乎不变，则网络机制或权重设计缺乏实质贡献。

## 9. 审稿风险

- 互动矩阵来源不明或把相关性误作因果性。
- 任意指定权重（摘要列出的常见失败模式）。
- 不同指标尺度未统一，导致量纲主导排序。
- 忽略缺失数据、国家异质性和时间变化。
- 只报告单一排名，没有不确定性区间或稳健性。
- 完整题面截断，可能遗漏指定情景、国家或输出格式。

## 10. 可复现 manifest（待执行）

- 运行标识：`A-icm-2023-d-002`
- 输入哈希：见上
- 数据文件：无（按摘要）
- 随机种子：待设定并记录
- 依赖版本：待记录
- 唯一复现命令：待实现
- 运行结果、排名和图表：未执行，不能声称已获得。
