# ICM 2023 E：Light Pollution 建模报告

## 1. 问题框架

已确认题目研究人工光过度或不当使用造成的光污染，包括天空辉光、光侵扰、过度照明和光环境杂乱；影响涉及天文观测、植物物候、野生动物迁徙、昼夜节律、睡眠、健康、安全及眩光。  
摘要未提供完整任务条款、观测变量或附件，因此以下将空间分析、统计建模和情景分析作为待核验的三个分析模块，不把未出现的具体问题、地区或数据当作事实。

拟回答：

- **Q1（空间格局）**：识别光污染的空间分布、热点和梯度。
- **Q2（影响关系）**：估计光污染与健康、生态或安全指标之间的统计关联，并区分空间与时间混杂。
- **Q3（政策情景）**：评估照明削减、定向照明、时段控制等措施对污染、可见度及社会功能的影响。

## 2. 数据审计

- `case_id`：`icm-2023-e`
- 竞赛：ICM，2023
- 类型：complex_data_analysis
- 来源状态：verified
- 题目 SHA-256：`058ac24bc2d9948fad429ce8bb711c68d244cb31119bd4f9f470b44070a1a7da`
- 数据 SHA-256：`e3b0c44298fc1c149afbf4c8996fb92427ae41e4649b934ca495991b7852b855`
- 摘要记录：2 页、4724 个抽取字符；无数据文件、无压缩包条目。

因此目前无法检查样本量、空间分辨率、时间覆盖、缺失值、异常值、坐标系统、测量误差或变量单位。所有数据清洗阈值、研究区域和响应变量均待取得正式数据后确认。

## 3. 假设

1. 光污染指标可映射到统一空间网格，并具有明确时间戳。
2. 指标方向统一为“值越大表示污染越严重”；若存在相反指标，先标准化。
3. 观测误差、云层、地形遮挡和传感器饱和度可通过质量标志或误差项表示。
4. 影响分析只解释条件关联，不直接宣称因果；因果结论需自然实验或纵向设计支持。
5. 情景改变照明暴露，不改变人口、天气和土地利用，除非情景明确要求联动。

## 4. 候选模型

### Q1：空间分析模型族

- **空间热点模型**：对网格值进行稳健标准化，使用局部 Moran’s I 或 Getis–Ord \(G_i^*\) 识别显著热点；采用置换检验控制多重比较。
- 备选为层级高斯过程或空间随机效应模型，用于连续表面估计和不规则采样插值。

输出：热点概率图、空间梯度、置信区间。风险：边界效应、空间自相关导致有效样本量被高估。

### Q2：统计模型族

- **广义加性混合模型（GAMM）**：
\[
g(E[Y_{it}])=\alpha+s_1(L_{it})+s_2(t)+\beta^\top X_{it}+u_i+\epsilon_{it},
\]
其中 \(L\) 为光污染，\(X\) 为人口、天气、土地利用等协变量，\(u_i\) 为空间单元随机效应。
- 若响应为计数或二元结果，分别使用负二项或逻辑链接；采用空间误差/空间滞后模型作为敏感性模型。

输出：暴露—响应曲线、边际效应、预测区间。风险：反向因果、遗漏变量和空间混杂。

### Q3：情景模型族

设照明强度调整系数为 \(r_i\in[0,1]\)：
\[
L_i' = r_iL_i,\qquad
C=\sum_i w_i\left(\Delta L_i-\lambda H_i\right),
\]
其中 \(H_i\) 表示健康、生态或安全损失代理量，\(w_i\) 和 \(\lambda\) 由约束或偏好确定。比较统一削减、热点优先削减、分时控制三类策略；权重不确定时报告 Pareto 前沿，而非单一排名。

## 5. 基线与实验计划

基线为：全域均值/中位数描述、按行政区或网格的热点排序，以及不含协变量的线性或广义线性模型。  
执行步骤：

1. 导入正式数据，核对单位、坐标、时间和质量标志。
2. 去除或标记无效观测；记录每一步样本数。
3. 生成基线地图和分布统计。
4. 运行 Q1 热点检验、Q2 GAMM、Q3 三类情景。
5. 使用固定随机种子进行置换检验和 bootstrap。
6. 导出参数表、预测值、区间和情景排名。

当前均未执行，结果、性能和排名均为 **pending**。

## 6. 验证与稳健性

采用空间块交叉验证和时间滚动验证，避免邻近样本泄漏；报告 RMSE/MAE、对数损失或校准曲线，具体指标依响应变量确定。  
敏感性分析覆盖：网格尺度、热点显著性阈值、缺失值处理、协变量集合、空间相关结构、情景削减比例、权重范围及极端天气/节假日子样本。  
稳健性标准：热点区域重叠率、效应方向一致率、预测区间覆盖率和策略排名稳定性。

## 7. 证伪设计

- 随机化空间标签；若热点仍存在，说明检测可能由边界或采样密度驱动。
- 置换光污染时间序列；若影响效应不下降，警惕趋势共变。
- 加入地点固定效应、天气和人口密度；若效应大幅消失，原结论可能是混杂关联。
- 在理论上不受光污染影响的负对照指标上检验，若显著则削弱因果解释。

## 8. 审稿风险

主要风险与摘要一致：采样偏差、混杂相关、缺少不确定性分析；另有空间尺度错配、传感器误差、任意权重、边界效应和多重检验膨胀。完整题目条款和数据缺失是当前最大阻塞。

## 9. 可复现清单

输入：上述题目与数据 SHA-256；当前无附件可读取。  
代码、依赖版本、操作系统、随机种子、质量筛选规则、网格尺度、模型参数和唯一运行命令：**pending**。  
任何数值结论、图表、模型评分和政策排名：**未执行，不得引用为结果**。
