# 建模报告：ICM 2023 E（Light Pollution）

## 1. 问题 framing

目标是把“人工夜间光”量化为空间暴露，评估其对夜空可见性、生态及健康/安全相关指标的关联，并比较可执行的减光情景。摘要明确支持的技术方向为：空间分析、统计建模、情景分析。具体子问题、响应变量、数据字段和评价口径未在摘要中给出，因此以下映射均为待核验项，不能视为已完成题目解读。

建议按三问组织：

- Q1：构建可比较的区域光污染暴露指标及空间分布。
- Q2：估计光污染与结果变量之间的关联及不确定性。
- Q3：在成本、覆盖率和可实施性约束下评估减光情景。

## 2. 数据审计

已知摘要信息：

- case_id：`icm-2023-e`
- 竞赛：ICM，2023
- 类型：复杂数据分析
- 题目页数：2
- 摘要字符数：4724
- `problem_sha256`：`058ac24bc2d9948fad429ce8bb711c68d244cb31119bd4f9f470b44070a1a7da`
- `data_sha256`：`e3b0c44298fc1c149afbf4c8996fb92427ae41e4649b934ca495991b7852b855`
- 数据文件：无
- 数据审计表：空
- ZIP 条目：空

因此目前未知：观测数量、空间坐标或栅格分辨率、时间范围、光强单位、人口权重、生态/健康响应、缺失机制、测量误差及可用情景变量。任何数值结果、地图、显著性、模型分数和结论均为未执行（pending）。

## 3. 假设

1. 光强观测可定位到统一坐标系，并可与人口、生态或健康观测进行空间匹配。
2. 暴露与响应的时间窗口可由题目数据确定；若不能确定，只报告关联而不作因果声明。
3. 区域间存在空间相关，不能把样本视为独立同分布。
4. 情景改变的是可控光源或其强度，不改变人口分布和其他外生协变量；该假设需用题目设定核对。
5. 仅在数据支持时使用对数变换、阈值或非线性项。

## 4. 候选模型

每个子问题最多保留两个独立体系。

**模型 A：空间暴露—统计模型**

将点/栅格光强 \(L(u,t)\) 转为区域 \(i\) 的人口加权暴露：

\[
E_i(t)=\frac{\int_{A_i} w(u)L(u,t)\,du}{\int_{A_i}w(u)\,du},
\]

其中 \(w(u)\) 为人口或题目指定权重。对响应 \(Y_i\)：

\[
g\{E(Y_i)\}=\beta_0+f(E_i)+\gamma^\top X_i+b_i,
\]

\(f\) 可为线性、样条或分段函数；\(b_i\) 使用 CAR/Gaussian-process 空间效应。输出为暴露地图、效应估计、区间和预测误差。

**模型 B：约束情景模型**

设 \(z_j\in[0,1]\) 表示第 \(j\) 类光源的减光比例，情景暴露为

\[
E_i'(z)=E_i-\sum_j a_{ij}z_j .
\]

采用 ε-constraint 或 Pareto 前沿同时处理减光收益、成本和覆盖约束：

\[
\min_z\; \sum_i w_iE_i'(z),\qquad
\text{s.t. } C(z)\le B,\; z_j\in[0,1],\; R_k(z)\ge r_k .
\]

权重、预算和阈值必须来自题目或明确的敏感性范围，不能任意指定。

## 5. 基线

- B0：区域人口加权平均光强/暴露，作为空间预测基准。
- B1：无空间效应的广义线性模型（线性、Poisson、logistic 或题目适配分布），作为统计基准。
- B2：按比例均匀减光或“优先最高暴露区域”的启发式情景，作为优化基准。

## 6. 数学与实验规格

待数据到位后执行：

1. 读取并记录字段、单位、坐标系、重复记录和缺失模式。
2. 统一投影；按题目空间单元聚合光强和权重。
3. 预注册变换、异常值规则和训练/测试划分。
4. 拟合 B1，再拟合模型 A；比较 RMSE/MAE、对数损失或校准误差（依据响应类型）。
5. 用模型 A 的估计量驱动模型 B，生成基准、低成本和高强度减光情景。
6. 固化随机种子、软件版本、参数和输入哈希；生成表格与地图。

示例唯一命令（待实现，不能宣称已运行）：

```text
python run_icm2023e.py --case-summary benchmarks/case-summaries.json \
  --case-id icm-2023-e --seed <FIXED_SEED>
```

## 7. 验证、稳健性与敏感性

- 空间分块交叉验证；若有时间字段，追加时间外推验证。
- 检查残差 Moran’s I、预测区间覆盖率、校准曲线和异常区域。
- 比较不同核函数/空间尺度、线性与非线性 \(f\)、人口权重、缺失值处理及异常值截尾。
- 对情景预算、减光效率、约束阈值和区域权重进行单因素及联合扫描。
- 报告效应方向、排名和推荐方案在参数扰动下的稳定比例，而非单一最优值。

## 8. Falsification

采用空间结构保持的光强置换、负控响应、滞后/提前时间窗（若有时间数据）和留一区域外推；若关联在置换后仍存在、在负控上同样显著、或对时间窗极度敏感，则削弱解释。不得把观察性关联表述为因果效果。

## 9. 审稿风险

主要风险正是摘要列出的：采样偏差、混杂相关、缺乏不确定性分析。另需防范生态谬误、空间可变单元问题（MAUP）、空间/时间泄漏、测量误差、任意权重与情景不可实施性。任何未由数据或题目支持的变量、数值、引用和评分均不得补写。

## 10. 可复现 manifest

- 运行标识：`B-icm-2023-e-002`
- 输入摘要文件：`benchmarks/case-summaries.json`
- case_id：`icm-2023-e`
- 输入哈希：见第 2 节
- 数据文件哈希：摘要给出统一值；无可审计文件清单
- 随机种子：pending
- 依赖版本：pending
- 关键参数与情景范围：pending
- 实际运行命令、退出码、结果哈希：pending
- 外部引用：未使用；如后续加入，须逐条提供可追溯来源。
