# 建模报告：B-icm-2023-d-003

## 1. 问题 framing

案例为 2023 ICM Problem D，主题是“Prioritizing the UN Sustainability Goals”。决策对象为 17 个联合国可持续发展目标（SDGs），目标是在目标相互依赖、资源有限及外部冲击存在时，形成优先级排序，并给出可解释的资源配置方案。

摘要中的题目摘录在“Requirement To explore”处结束，具体子问题、评价指标、国家/地区范围和时间尺度未提供。因此以下是可执行但暂定的建模合同，最终输出需待完整题目要求确认。

## 2. 数据审计

- `case_id`: `icm-2023-d`
- 竞赛/年份：ICM / 2023
- 问题类型：多目标决策
- 题目来源状态：verified
- PDF 页数：2
- 摘录字符数：3852
- 题目 SHA-256：`a4d6400ec7c6d45da73c248ca5892a97d52cdef7f71e45f4134264920bdf0de7`
- 数据 SHA-256：`e3b0c44298fc1c149afbf4c8996fb92427ae41e4649b934ca495991b7852b855`
- 数据文件：无
- 表格审计：无可审计工作表、行数、字段或观测值

因此不能计算真实排名、权重、敏感度或得分。任何数值结果均为“待执行”。

## 3. 假设

1. 每个 SDG 用一个或多个“距目标差距”指标表示，并统一转换为无量纲的达成度 \(z_i\in[0,1]\)。
2. 资源投入对达成度单调增加但边际收益递减。
3. SDG 间影响由有向矩阵 \(A=(a_{ij})\) 表示，允许正、负或近似零影响。
4. 预算、最低保障线、最大投入和公平性约束由完整题目或情景文件提供；缺失时仅做参数化分析。
5. 指标之间可能重复计量，需先做相关性/共线性检查。
6. 互动系数反映关联或证据强度，不直接解释为因果效应。

## 4. 候选模型

**基线：等权加和排序。**  
对归一化达成度计算
\[
S_i^{(0)}=z_i,\qquad \text{rank by }S_i^{(0)}.
\]
它用于揭示复杂模型带来的变化，不含互动、预算和不确定性。

**模型 A：互动约束下的多目标资源配置。**  
设 \(x_i\) 为投入，\(g_i(x_i)\) 为递减收益函数：
\[
\max_{x}\; U=\sum_i w_i g_i(x_i)
+\lambda\sum_{i\ne j}a_{ij}g_i(x_i)g_j(x_j)
\]
满足
\[
\sum_i c_i x_i\le B,\quad
0\le x_i\le \bar x_i,\quad
g_i(x_i)\ge L_i.
\]
权重 \(w_i\) 不固定为单一主观值，而由等权、熵权/专家权重区间和利益相关者情景共同生成。用 epsilon-constraint 或加权和扫描得到 Pareto 解集。

**模型 B：PROMETHEE-II 非补偿性排序。**  
对每个 SDG 的多项标准使用偏好函数、无差异阈值和严格偏好阈值，计算正向流、负向流及净流：
\[
\phi_i=\phi_i^+-\phi_i^-.
\]
该模型作为不依赖完全补偿假设的排序校验；若某目标在单项指标明显落后，不应被其他指标完全抵消。

## 5. 数学与实验规格

待补充数据表至少包含：SDG 编号、指标、方向（越高越好/越低越好）、观测值、目标值、单位、年份、地区、成本 \(c_i\)、预算 \(B\)、互动证据及不确定区间。

实验步骤：

1. 读取并校验字段、单位、缺失值、重复指标和方向。
2. 以目标差距转换 \(z_i\)，记录归一化边界，避免训练/测试或地区间泄漏。
3. 估计 \(A\)，将系数截断到预注册区间并保留来源标签。
4. 运行基线、模型 A 和模型 B。
5. 输出排名、投入向量、Pareto 前沿、互动贡献和约束松弛代价。
6. 记录全部参数、随机种子和输入哈希。

唯一复现命令、依赖版本和参数值：**待数据与实现后填写，当前未执行**。

## 6. 验证

- 约束验证：预算、上下界、最低保障线逐项检查。
- 排名验证：bootstrap 重采样、指标留一法、地区/年份留一法。
- 结构验证：令 \(A=0\) 时应退化为无互动模型。
- 若存在历史快照，进行时间外推或滚动验证；当前无数据，结果待执行。
- 比较模型 A/B 的 Kendall tau、Top-\(k\) 重合率和投入集中度。

## 7. 敏感性与稳健性

扫描 \(w_i\)、\(\lambda\)、预算 \(B\)、成本 \(c_i\)、互动矩阵扰动和外部冲击情景。报告每个 SDG 的入选频率、排名区间、最坏情景名次及 Pareto 解变化。采用区间权重和概率权重两种方式，避免单一权重结论。

## 8. Falsification

预注册以下反证测试：

- 随机置换互动矩阵；
- 将正互动改为零或负互动；
- 统一所有成本；
- 删除最重要指标；
- 用极端预算和极端冲击情景测试边界；
- 检查是否出现明显排名反转或“互动双重计分”。

若复杂模型不能优于基线的解释性、稳定性或约束满足度，则保留基线结论。

## 9. 审稿风险

主要风险为：任意权重、指标尺度不一致、把相关性当因果性、互动项重复计分、预算/成本不可识别、缺少排名稳健性，以及摘要未包含完整子问题导致覆盖不完整。所有未提供的题目要求、数据、引用和数值均标记为待核验。

## 10. 可复现清单

```json
{
  "run_id": "B-icm-2023-d-003",
  "case_id": "icm-2023-d",
  "problem_sha256": "a4d6400ec7c6d45da73c248ca5892a97d52cdef7f71e45f4134264920bdf0de7",
  "data_sha256": "e3b0c44298fc1c149afbf4c8996fb92427ae41e4649b934ca495991b7852b855",
  "data_files": [],
  "status": "unexecuted_pending_complete_requirements_and_data",
  "seed": "pending",
  "command": "pending",
  "environment": "pending",
  "repository_modified": false
}
```
