# 建模报告：B-icm-2023-d-001

## 1. 问题 framing

案例为 2023 ICM D 题“Prioritizing the UN Sustainability Goals”，属于多目标决策问题。联合国 17 项 SDGs 相互关联，目标之间可能产生正向、负向或混合影响，同时受到资金、技术、疫情、气候变化、战争和难民流动等因素制约。

摘要中的题目要求仅显示至“Requirement To explore”，后续具体子问题未提供。因此，以下模型合同为可执行的暂定版本；最终问题分解、输出格式和政策情景需待完整题面核验。

暂定目标：建立 SDG 优先级排序，显式表示目标权重、目标间相互作用和资源约束，并检验排序在权重及情景变化下的稳定性。

## 2. 数据审计

- 数据文件：无。
- 数据表与观测数：无。
- 可用输入：题目叙述、17 个 SDG 的目标集合，以及摘要中的方法要求。
- `problem_sha256`：`a4d6400ec7c6d45da73c248ca5892a97d52cdef7f71e45f4134264920bdf0de7`
- `data_sha256`：`e3b0c44298fc1c149afbf4c8996fb92427ae41e4649b934ca495991b7852b855`
- 数据状态：无法估计实际影响量、预算、基线水平、时间范围或地区差异；所有数值结果均为待执行。

## 3. 假设

1. 每个 SDG 可表示为一个可比较的效益指标，先转换到 `[0,1]`。
2. 指标方向统一为“越大越好”；若存在成本型指标，使用反向归一化。
3. 权重满足 \(w_i\ge0,\ \sum_iw_i=1\)，由专家成对比较、熵权或两者组合确定，而非任意指定。
4. 目标相互作用以有符号矩阵 \(A=(a_{ij})\) 表示；若没有可靠证据，先将 \(a_{ij}\) 设为区间而非固定值。
5. 资源分配 \(x\) 受预算 \(B\) 和非负约束限制；具体行动—目标映射待完整题面或外部数据提供。
6. 交互效应采用二阶近似，避免在无数据时引入不可识别的高阶项。

## 4. 候选模型

**模型 A：约束加权效用排序（基线及主模型）**

适用于只有目标评分和资源约束的情形。输出 17 项 SDG 的优先级及资源分配。

**模型 B：带网络交互的鲁棒多目标优化**

在模型 A 的效用中加入 \(a_{ij}\) 交互项，并对 \(w_i\)、\(a_{ij}\) 和情景参数使用区间或概率分布，输出稳健排序、最坏情形效用和排名稳定概率。两个模型体系足以覆盖暂定任务，具体子问题映射待补充。

## 5. Baseline

等权、无交互、无资源分配的加权和：

\[
S_i^{(0)}=z_i,\qquad
R_i^{(0)}=\frac{1}{17}\sum_{i=1}^{17}S_i^{(0)}.
\]

若需要排序，则按 \(S_i^{(0)}\) 降序排列。该基线用于识别权重选择、交互项和资源约束带来的增量，不应作为最终政策结论。

## 6. 数学 specification

设 \(z_i(x,s)\in[0,1]\) 为情景 \(s\) 下 SDG \(i\) 的标准化达成度，\(w_i\) 为权重，\(x_k\) 为行动 \(k\) 的投入：

\[
\max_{x}\ U(x,s)=
\sum_{i=1}^{17}w_i z_i(x,s)
+\lambda\sum_{i<j}a_{ij}z_i(x,s)z_j(x,s)
-\rho\,\mathrm{Risk}(x,s)
\]

约束：

\[
x_k\ge0,\qquad
\sum_k c_kx_k\le B,\qquad
x_k\le \bar x_k.
\]

权重与交互不确定时，采用：

\[
\max_x\min_{\theta\in\Theta}U(x,\theta)
\]

并计算每个 SDG 获得前 \(K\) 名的概率：

\[
P_i=\Pr\{\mathrm{rank}_i\le K\}.
\]

所有 \(z_i\)、\(a_{ij}\)、成本和预算必须由题面或可追溯数据实际填充。

## 7. 可执行实验计划

1. 补录完整题面要求，建立 `q1…qN` 子问题合同。
2. 建立 17 SDG 指标字典：定义、方向、单位、来源、时间和地区范围。
3. 对指标做方向统一、缺失处理和 `[0,1]` 归一化；记录每个变换。
4. 以等权无交互模型生成基线排序。
5. 用预先声明的权重方案运行模型 A。
6. 构造交互矩阵及其区间，运行模型 B；采用线性/二次规划或枚举排序，取决于实际约束。
7. 进行权重网格扫描、拉丁超立方或 Monte Carlo 情景抽样。
8. 输出排序、资源分配、效用分解、排名稳定概率和敏感性图表。
9. 用独立实现或手工小规模算例核对目标函数与约束。

当前未执行任何计算、代码或图表生成。

## 8. 验证与稳健性

- 约束验证：预算、非负性、上下界和权重和必须逐项通过。
- 尺度验证：比较不同归一化方法，检查排名是否发生非合理反转。
- 权重稳健性：报告 Spearman 排名相关、前 \(K\) 集合重叠率和临界权重区间。
- 情景稳健性：分别测试技术进步、疫情、气候冲击、战争和难民流动等情景；参数缺失时标记待定。
- 外部验证：若获得历史政策或地区数据，使用留出时期/地区检验预测效用；目前无数据，结果 pending。

## 9. Falsification

以下任一现象都应否定或修订模型：  
- 与等权基线相比，极小权重变化导致完全反转；  
- 交互矩阵置零后排序仍声称存在显著协同；  
- 随预算增加，最优效用下降；  
- 删除任一目标后出现无法解释的剧烈排名跳变；  
- 随机置换目标标签仍得到相同“政策结论”。

## 10. Reviewer risks

主要风险是任意权重、指标尺度不一致、把相关性解释为因果协同、无预算/行动数据却给出确定政策、忽略负向交互，以及未报告排名稳健性。完整题面截断是当前最大可审计性风险。

## 11. Reproducibility manifest

- Run ID：`B-icm-2023-d-001`
- Case：`icm-2023-d`
- 输入来源：`benchmarks/case-summaries.json`
- 输入哈希：见数据审计
- 随机种子：待执行时固定并记录
- 依赖版本：待执行时记录
- 唯一复现命令：待补充完整题面、模型参数和实现后生成
- 执行状态：未运行；数值、排名、图表和评分全部 pending
- 仓库状态：未修改仓库文件
