# ICM 2023 D 建模报告（预注册运行 B-icm-2023-d-002）

## 1. 问题 framing

联合国有 17 项可持续发展目标（SDGs）。题目强调目标之间存在正、负或混合影响，且资金限制、国家/国际优先事项、技术进步、疫情、气候变化、战争和难民流动会改变目标实现路径。核心任务是建立可解释、可审计的目标优先级，并说明排序如何随权重、相互作用和情景变化。

确定性摘要中的题目摘录在“Requirement To explore”处截断；具体子问题、评价口径和所需情景尚未由摘要提供，因此以下方案需在完整要求可得后映射到 q1…qN。所有数值结论均待执行。

## 2. 数据审计

- `case_id`：`icm-2023-d`
- 竞赛/年份：ICM，2023
- 类型：multi-objective decision
- 摘要来源状态：verified
- 题目 SHA-256：`a4d6400ec7c6d45da73c248ca5892a97d52cdef7f71e45f4134264920bdf0de7`
- 数据 SHA-256：`e3b0c44298fc1c149afbf4c8996fb92427ae41e4649b934ca495991b7852b855`
- 页数/提取字符：2 / 3852
- 数据文件：无；摘要未提供指标、国家、年份、成本、影响系数或缺失值信息。
- 因此，样本量、量纲、缺失机制、异常值和空间/时间覆盖均为 **待核验**。不得从附件或外部来源补造数据。

## 3. 假设

1. 每个 SDG 可由一个或多个可比指标表示；指标方向（越大越好/越差）预先登记。
2. 指标先在同一情景内无量纲化，避免尺度支配。
3. 目标间影响可用有向矩阵表示；正负号必须有来源或专家标注。
4. 权重代表决策者偏好，不被模型结果反向选择。
5. 预算、政策可行性和最低保障目标作为显式约束；若题目未给定，参数保持待定。

## 4. 候选模型

**模型 A：交互增强的多准则决策（主模型）**  
对目标 \(g=1,\ldots,17\)，将标准化指标聚合为效用 \(u_g\in[0,1]\)，权重 \(w_g\ge0,\sum_gw_g=1\)。令 \(A\) 为目标交互矩阵，则

\[
s_g=w_gu_g+\lambda\sum_{h\ne g}A_{gh}u_h,\qquad
R_g=\operatorname{rank}(-s_g).
\]

若存在项目 \(j\)，决策变量 \(y_j\in\{0,1\}\)，则加入

\[
\max_y \sum_g w_g I_g(y)+\lambda\sum_{g\ne h}A_{gh}I_g(y)I_h(y)
\]
\[
\text{s.t. }\sum_j c_jy_j\le B,\quad y_j\in\{0,1\},
\]

并报告目标优先级及项目组合。二次项可用 MIQP 或线性化求解。

**模型 B：稳健排序（交叉核验）**  
使用区间权重、区间交互和优势关系（如 PROMETHEE/VIKOR 思路）产生部分排序；输出各目标进入前 \(k\) 名的概率，而非单一确定名次。

## 5. 基线

等权、无交互的加权和：

\[
s_g^{(0)}=u_g/17.
\]

该基线用于量化交互项、权重结构和约束带来的增量；不能作为最终政策建议。

## 6. 数学与实验规格

1. 固定预处理规则、指标方向和缺失处理；记录每个变换。
2. 设定若干已登记情景：常规、资金收缩、气候冲击、疫情/战争冲击（具体参数待题目数据）。
3. 对 \(w\) 采用预注册区间或 Dirichlet 抽样；对 \(A\) 采用来源置信区间。
4. 每次计算保存：\(u,w,A,\lambda,B\)、可行性、17 项得分、排名、前 \(k\) 稳定率。
5. 计划命令（未执行）：`python run_icm2023d.py --case icm-2023-d --seed 2023002`。

## 7. 验证、敏感性与稳健性

- 与等权基线比较 Spearman/Kendall 排名相关。
- 对权重、交互强度 \(\lambda\)、预算 \(B\) 和指标扰动做网格或 Monte Carlo 扫描。
- 报告排名反转阈值、前 3/5 名入选概率及置信区间。
- 若有历史或专家排序，进行留出验证；当前无此数据，验证状态为 **待执行**。
- 检查归一化方法（min–max、分位数、z-score）是否改变结论。

## 8. Falsification（可证伪检验）

若在合理权重/交互区间内排名高度不稳定，则否定“唯一优先级”结论，改报分组或部分排序；若设 \(\lambda=0\) 与主模型几乎一致，则否定交互机制的实质贡献；若预算轻微变化即导致完全不同组合，则否定政策建议的稳健性。

## 9. 审稿风险

主要风险是任意权重、指标尺度不一致、交互矩阵缺乏证据、把相关性当因果性、忽略预算/公平约束，以及在题目具体要求未知时过度外推。所有缺失要求和参数必须显式标为待核验。

## 10. 可复现 manifest（计划）

- 输入：上述题目与数据 SHA-256
- 随机种子：2023002（计划值，未执行）
- 依赖与版本：待运行环境记录
- 输出：参数表、情景排名、稳定率、敏感性图表
- 唯一命令：见第 6 节
- 执行状态：**未执行；无结果、分数或外部引用可报告**
