# Modeling Report: B-mcm-2023-c-001

## Problem Framing

Wordle permits a valid five-letter guess and returns position-sensitive feedback: green means correct letter and position; yellow means present but misplaced. A puzzle is solved within six guesses or remains unsolved. The confirmed task is prediction and statistical analysis of daily Wordle outcomes. Exact subquestion wording beyond the supplied excerpt is unavailable in the deterministic summary; any target-specific conclusions remain pending.

Primary objectives:

1. Estimate the distribution of solve outcomes for a future puzzle.
2. Identify temporal or puzzle-level predictors, if available.
3. Quantify predictive uncertainty and evaluate out-of-time performance.

## Data Audit

Confirmed benchmark input:

- Workbook: `official/2023_MCM_Problem_C_Data.xlsx`, contained in `official-data.zip`
- One sheet: 481 rows, 13 columns, 4,321 nonempty cells
- Reported numeric range: 0 to 361,908
- Header audit: first header is `"Percent in "` and several headers are blank, indicating merged or multi-row headers requiring schema reconstruction.
- Binary attachments were not opened, so exact field names, date coverage, denominators, missingness patterns, and category definitions are pending.
- Expected methodological areas: time series, classification, cross-validation.
- Known failure modes: temporal leakage, overfitting, metric mismatch.

The reported percentages should be treated as compositional observations. Counts, where available, should be retained because percentages with different denominators have different precision.

## Assumptions

- Each usable row represents one daily puzzle or one clearly defined reporting period.
- Outcome-bin percentages refer to mutually exclusive categories and approximately sum to 100%; deviations are measurement or rounding error.
- Any player-count field is an exposure/weight, not a predictive feature.
- Missing, blank, and zero entries are distinguished; blanks are not automatically zero.
- Future prediction uses only information available before the prediction date.
- Word-level features are used only if explicitly present or reproducibly derived from the supplied data; otherwise the model is temporal-only.
- Changes in NYT rules, interface, player population, or reporting practice may create distribution shift.

## Candidate Models

**Model 1: compositional temporal model.** A Dirichlet-multinomial regression models the vector of outcome proportions jointly, preserving the simplex constraint and allowing denominator-weighted likelihood. Predictors may include time trend, day-of-week/seasonal terms, rolling historical summaries, and permitted puzzle features.

**Model 2: calibrated multinomial classifier.** A regularized multinomial logistic model or gradient-boosted classifier predicts the outcome category for an individual observation, followed by aggregation to a daily distribution. Calibration is required before interpreting probabilities. This model is useful only if row-level outcome labels or equivalent count data exist.

At most two independent model families should be retained for each confirmed subquestion.

## Baseline

Use two baselines:

- Historical mean outcome distribution computed from the training window.
- Persistence/rolling-window distribution, using the most recent eligible observations.

These establish whether added features improve genuinely out-of-time forecasts.

## Mathematical Specification

Let \(y_t=(y_{t1},\ldots,y_{tK})\) be the reported category counts for date \(t\), \(n_t=\sum_k y_{tk}\), and \(p_t\) the latent outcome distribution.

\[
y_t\sim\operatorname{DirichletMultinomial}(n_t,\alpha_t),\qquad
p_t=\frac{\alpha_t}{\sum_k\alpha_{tk}}
\]

\[
\log\frac{p_{tk}}{p_{tK}}
=\beta_{0k}+x_t^\top\beta_k+u_t,\quad k=1,\ldots,K-1
\]

where \(x_t\) contains only pre-date features and \(u_t\) is an optional regularized temporal component. If counts are unavailable, fit to normalized proportions with precision weights and explicitly model measurement error.

## Executable Experiment Plan

1. Extract the workbook only in an approved execution environment and reconstruct the merged header schema.
2. Validate dates, category exclusivity, sums, denominators, duplicates, missingness, and impossible values.
3. Create a leakage-controlled feature table using lagged and rolling variables.
4. Reserve the final chronological block as a test set.
5. Fit the historical-mean and persistence baselines.
6. Fit Model 1; fit Model 2 only if suitable labels/counts exist.
7. Use rolling-origin cross-validation for hyperparameter selection.
8. Produce forecasts, prediction intervals, calibration plots, residual diagnostics, and a results table.
9. Re-run with fixed seeds and record environment versions.

No experiment has been executed; all numerical results and rankings are pending.

## Validation

Use blocked rolling-origin validation, never random shuffling. Report:

- Distributional MAE/RMSE on category proportions
- Multinomial log loss or negative log likelihood
- Calibration error and reliability curves
- Interval coverage and sharpness
- Baseline-relative improvement with confidence intervals

## Sensitivity and Robustness

Vary temporal window length, regularization strength, Dirichlet concentration, treatment of near-100% sums, missing-value rules, and denominator weighting. Compare models with and without puzzle-level features. Test stability across early, middle, and late chronological periods.

## Falsification

A proposed feature is rejected if it fails a blocked out-of-time comparison against the baselines, loses significance under date-preserving permutation, or produces residual autocorrelation and systematic calibration failure. Any apparent improvement relying on future aggregates is invalid.

## Reviewer Risks

Main risks are malformed merged headers, unknown denominators, compositional violations, temporal leakage, nonstationary player behavior, selective reporting, overfitting to a short daily series, and evaluating probabilities with an inappropriate point-error metric. Exact subquestion coverage must be checked once the full statement is available.

## Reproducibility Manifest

- Run ID: `B-mcm-2023-c-001`
- Problem SHA-256: `b511204705db800f3b812943b780074cc24bfe5108d26b6c20f308128e631ef6`
- Data SHA-256: `22d9c6c308700c6b744d74da8c83e358eefba955f58713c65f947624cda5ac94`
- Input inventory: `official-data.zip` containing `2023_MCM_Problem_C_Data.xlsx`
- Random seed: pending
- Runtime/dependency versions: pending
- Exact execution command: pending
- Validation outputs and scores: pending
- Repository modifications: none
